16:51:37 **** Auto Build of configuration Debug for project projet_1 ****
make pre-build main-build 
a9-linaro-pre-build-step
' '
'Building file: ../src/main.cc'
'Invoking: ARM v7 g++ compiler'
arm-none-eabi-g++ -Wall -O3 -g3 -I../../projet_1_bsp/ps7_cortexa9_0/include -I"C:\eigen-3.4.0" -c -fmessage-length=0 -MT"src/main.o" -mcpu=cortex-a9 -mfpu=vfpv3 -mfloat-abi=hard -MMD -MP -MF"src/main.d" -MT"src/main.o" -o "src/main.o" "../src/main.cc"
In file included from ../src/main.cc:3:
../../projet_1_bsp/ps7_cortexa9_0/include/xtime_l.h:87:70: note: #pragma message: For the sleep routines, Global timer is being used
 #pragma message ("For the sleep routines, Global timer is being used")
                                                                      ^
'Finished building: ../src/main.cc'
' '
'Building target: projet_1.elf'
'Invoking: ARM v7 g++ linker'
arm-none-eabi-g++ -mcpu=cortex-a9 -mfpu=vfpv3 -mfloat-abi=hard -Wl,-build-id=none -specs=Xilinx.spec -Wl,-T -Wl,../src/lscript.ld -L../../projet_1_bsp/ps7_cortexa9_0/lib -o "projet_1.elf"  ./src/main.o   -Wl,--start-group,-lxil,-lgcc,-lc,-lstdc++,--end-group
'Finished building target: projet_1.elf'
' '
'Invoking: ARM v7 Print Size'
arm-none-eabi-size projet_1.elf  |tee "projet_1.elf.size"
   text	   data	    bss	    dec	    hex	filename
 574141	   2856	12612700	13189697	 c94241	projet_1.elf
'Finished building: projet_1.elf.size'
' '

16:51:42 Build Finished (took 4s.403ms)

